###############################################################################
#
# IAR ELF Linker V9.20.4.327/W64 for ARM                  12/Apr/2022  14:05:23
# Copyright 2007-2022 IAR Systems AB.
#
#    Output file  =
#        C:\Users\linus\Documents\GitHub\Halmstad-H-gskola\DAT-Labs\Lab1_2\Debug\Exe\Lab1_2.out
#    Map file     =
#        C:\Users\linus\Documents\GitHub\Halmstad-H-gskola\DAT-Labs\Lab1_2\Debug\List\Lab1_2.map
#    Command line =
#        -f
#        C:\Users\linus\Documents\GitHub\Halmstad-H-gskola\DAT-Labs\Lab1_2\Debug\Exe\Lab1_2.out.rsp
#        ("C:\Users\linus\Documents\GitHub\Halmstad-H-gskola\DAT-Labs\Lab1_2\Debug\Obj\asm(2).o"
#        C:\Users\linus\Documents\GitHub\Halmstad-H-gskola\DAT-Labs\Lab1_2\Debug\Obj\startup_sam3x.o
#        --no_out_extension -o
#        C:\Users\linus\Documents\GitHub\Halmstad-H-gskola\DAT-Labs\Lab1_2\Debug\Exe\Lab1_2.out
#        --redirect _Printf=_PrintfFullNoMb --redirect _Scanf=_ScanfFullNoMb
#        --map
#        C:\Users\linus\Documents\GitHub\Halmstad-H-gskola\DAT-Labs\Lab1_2\Debug\List\Lab1_2.map
#        --config "C:\Program Files\IAR Systems\Embedded Workbench
#        9.0\arm\config\linker\Microchip\sam3x8\flash.icf" --semihosting
#        --no_library_search --entry __iar_program_start --vfe --text_out
#        locale)
#
###############################################################################

*******************************************************************************
*** PLACEMENT SUMMARY
***

"A0":  place at address 0x8'0000 { ro section .intvec };
"P1":  place in [from 0x8'0000 to 0xf'ffff] { ro };

No sections matched the following patterns:

  rw  in "P2"


  Section  Kind      Address   Size  Object
  -------  ----      -------   ----  ------
"A0":                          0xf4
  .intvec  ro code  0x8'0000   0xf4  startup_sam3x.o [1]
                  - 0x8'00f4   0xf4

"P1":                         0x214
  .text    ro code  0x8'00f4  0x1cc  startup_sam3x.o [1]
  .text    ro code  0x8'02c0   0x48  asm(2).o [1]
                  - 0x8'0308  0x214

Unused ranges:

      From        To      Size
      ----        --      ----
  0x8'0308  0xf'ffff  0x7'fcf8



*******************************************************************************
*** MODULE SUMMARY
***

    Module           ro code
    ------           -------
command line/config:
    ------------------------
    Total:

C:\Users\linus\Documents\GitHub\Halmstad-H-gskola\DAT-Labs\Lab1_2\Debug\Obj: [1]
    asm(2).o              72
    startup_sam3x.o      704
    ------------------------
    Total:               776

----------------------------
    Grand Total:         776


*******************************************************************************
*** ENTRY LIST
***

Entry                 Address  Size  Type      Object
-----                 -------  ----  ----      ------
__iar_program_start  0x8'0239        Code  Gb  startup_sam3x.o [1]
main                 0x8'02c1        Code  Gb  asm(2).o [1]


[1] = C:\Users\linus\Documents\GitHub\Halmstad-H-gskola\DAT-Labs\Lab1_2\Debug\Obj

  776 bytes of readonly  code memory

Errors: none
Warnings: none
