------------------------------------------------------------
Timing Analyzer Summary
------------------------------------------------------------

Type  : Slow 1200mV 85C Model Setup 'CLK50M'
Slack : -0.861
TNS   : -3.179

Type  : Slow 1200mV 85C Model Setup 'clock_divider:inst|clk_divider[6]'
Slack : -0.733
TNS   : -3.457

Type  : Slow 1200mV 85C Model Hold 'clock_divider:inst|clk_divider[6]'
Slack : 0.358
TNS   : 0.000

Type  : Slow 1200mV 85C Model Hold 'CLK50M'
Slack : 0.360
TNS   : 0.000

Type  : Slow 1200mV 85C Model Minimum Pulse Width 'CLK50M'
Slack : -3.000
TNS   : -10.000

Type  : Slow 1200mV 85C Model Minimum Pulse Width 'clock_divider:inst|clk_divider[6]'
Slack : -1.000
TNS   : -6.000

Type  : Slow 1200mV 0C Model Setup 'CLK50M'
Slack : -0.715
TNS   : -2.273

Type  : Slow 1200mV 0C Model Setup 'clock_divider:inst|clk_divider[6]'
Slack : -0.549
TNS   : -2.491

Type  : Slow 1200mV 0C Model Hold 'clock_divider:inst|clk_divider[6]'
Slack : 0.312
TNS   : 0.000

Type  : Slow 1200mV 0C Model Hold 'CLK50M'
Slack : 0.320
TNS   : 0.000

Type  : Slow 1200mV 0C Model Minimum Pulse Width 'CLK50M'
Slack : -3.000
TNS   : -10.000

Type  : Slow 1200mV 0C Model Minimum Pulse Width 'clock_divider:inst|clk_divider[6]'
Slack : -1.000
TNS   : -6.000

Type  : Fast 1200mV 0C Model Setup 'CLK50M'
Slack : -0.525
TNS   : -0.525

Type  : Fast 1200mV 0C Model Setup 'clock_divider:inst|clk_divider[6]'
Slack : 0.038
TNS   : 0.000

Type  : Fast 1200mV 0C Model Hold 'clock_divider:inst|clk_divider[6]'
Slack : 0.187
TNS   : 0.000

Type  : Fast 1200mV 0C Model Hold 'CLK50M'
Slack : 0.193
TNS   : 0.000

Type  : Fast 1200mV 0C Model Minimum Pulse Width 'CLK50M'
Slack : -3.000
TNS   : -12.040

Type  : Fast 1200mV 0C Model Minimum Pulse Width 'clock_divider:inst|clk_divider[6]'
Slack : -1.000
TNS   : -6.000

------------------------------------------------------------
